Microchip MPLAB XC8 Compiler V2.41

Linker command line:

-W-3 \
  --edf=C:\Program Files\Microchip\xc8\v2.41\pic\dat\20230208172133_en.msgs \
  -cn -h+dist/default/production\CBOX.X.production.sym \
  --cmf=dist/default/production\CBOX.X.production.cmf -z -Q18F4580 \
  -oC:\Users\A045\AppData\Local\Temp\xcAs1ao.\driver_tmp_3.o \
  --defsym=__MPLAB_BUILD=1 --fixupoverflow=error \
  -Mdist/default/production/CBOX.X.production.map \
  --md=C:\Users\A045\AppData\Local\Temp\xcAs1ao.\driver_tmp_0.dat -E1 \
  -ver=XC8 Compiler --acfsm=1493 -ACODE=00h-03000h -ACONST=00h-03000h \
  -ASMALLCONST=0600h-06FFhx42,03000h-03000h -AMEDIUMCONST=0600h-03000h \
  -ACOMRAM=01h-05Fh -AABS1=00h-05FFh -ABIGRAM=01h-05FFh \
  -ARAM=060h-0FFh,0100h-01FFhx5 -ABANK0=060h-0FFh -ABANK1=0100h-01FFh \
  -ABANK2=0200h-02FFh -ABANK3=0300h-03FFh -ABANK4=0400h-04FFh \
  -ABANK5=0500h-05FFh -ASFR=0D00h-0DFFhx2,0F00h-0F5Fh,0F60h-0FFFh \
  -ABIGSFR=0D00h-0FFFh -ACONFIG=0300000h-030000Dh -AIDLOC=0200000h-0200007h \
  -AEEDATA=0F00000h-0F000FFh -peeprom_data=EEDATA \
  -preset_vec=00h,intcode,intcodelo,powerup,init -pramtop=0600h \
  -psmallconst=SMALLCONST -pmediumconst=MEDIUMCONST -pconst=CONST \
  -AFARRAM=00h-00h \
  -prdata=COMRAM,nvrram=COMRAM,nvbit=COMRAM,rbss=COMRAM,rbit=COMRAM \
  -pfarbss=FARRAM,fardata=FARRAM,nvFARRAM=FARRAM \
  -pintsave_regs=BIGRAM,bigbss=BIGRAM,bigdata=BIGRAM -pbss=RAM \
  -pidata=CODE,irdata=CODE,ibigdata=CODE,ifardata=CODE -prparam=COMRAM \
  C:\Users\A045\AppData\Local\Temp\xcAs1ao.\driver_tmp_9.o \
  dist/default/production\CBOX.X.production.o 

Object code version is 3.11

Machine type is 18F4580



                Name                               Link     Load   Length Selector   Space Scale
C:\Users\A045\AppData\Local\Temp\xcAs1ao.\driver_tmp_9.o
                idloc                            200000   200000        8        0       5
                config                           300000   300000        E        0       4
                init                                  0        0        4        0       0
dist/default/production\CBOX.X.production.o
                idloc                            200000   200000        8        0       5
                config                           300000   300000        E        0       4
                mediumconst                        2EA8     2EA8      158     1754       0
                text45                              BDC      BDC       3A      5EE       0
                text44                              D5A      D5A       6C      6AD       0
                text43                              A64      A64       18      532       0
                text42                             13DC     13DC      108      9EE       0
                text41                              E32      E32       76      719       0
                text40                              DC6      DC6       6C      6E3       0
                text39                              9F0      9F0       12      4F8       0
                text38                              9B8      9B8        8      4DC       0
                text37                              9C0      9C0        8      4E0       0
                text36                              9D8      9D8        C      4EC       0
                text35                              C16      C16       40      60B       0
                text34                             203A     203A      460     101D       0
                text33                              F2E      F2E       9A      797       0
                text32                              A02      A02       12      501       0
                text31                              9B2      9B2        6      4D9       0
                text30                              9C8      9C8        8      4E4       0
                text29                              9E4      9E4        C      4F2       0
                text28                              9D0      9D0        8      4E8       0
                text27                              AF2      AF2       2A      579       0
                text26                              EA8      EA8       86      754       0
                text25                             14E4     14E4      10C      A72       0
                text24                             11EE     11EE       EC      8F7       0
                text23                             112A     112A       C4      895       0
                text22                              C56      C56       46      62B       0
                text21                             1078     1078       B2      83C       0
                text20                             15F0     15F0      130      AF8       0
                text19                             1720     1720      164      B90       0
                text18                              A38      A38       16      51C       0
                text17                              B70      B70       36      5B8       0
                text16                              B1C      B1C       2A      58E       0
                text15                             12DA     12DA      102      96D       0
                text14                              AD2      AD2       20      569       0
                text13                              BA6      BA6       36      5D3       0
                text12                              A96      A96       1E      54B       0
                text11                              B46      B46       2A      5A3       0
                text10                              A4E      A4E       16      527       0
                text9                               A14      A14       12      50A       0
                text8                               A26      A26       12      513       0
                text7                               A7C      A7C       1A      53E       0
                text6                              1BFC     1BFC      43E      DFE       0
                text5                               FC8      FC8       B0      7E4       0
                text4                              249A     249A      4BA     124D       0
                text3                               C9C      C9C       5C      64E       0
                text2                              2954     2954      554     14AA       0
                text1                              19F0     19F0      20C      CF8       0
                text0                              1884     1884      16C      C42       0
                cstackCOMRAM                          1        1       3C        1       1
                dataBANK0                            60       60       1E       60       1
                bssBANK0                             7E       7E       1B       60       1
                dataCOMRAM                           5B       5B        4        1       1
                bssCOMRAM                            3D       3D       1E        1       1
                cinit                               CF8      CF8       62      67C       0
                idataBANK0                          AB4      AB4       1E      AB4       0
                idataCOMRAM                         9AE      9AE        4      9AE       0

TOTAL           Name                               Link     Load   Length     Space
        CLASS   CODE           
                init                                  0        0        4         0
                text45                              BDC      BDC       3A         0
                text44                              D5A      D5A       6C         0
                text43                              A64      A64       18         0
                text42                             13DC     13DC      108         0
                text41                              E32      E32       76         0
                text40                              DC6      DC6       6C         0
                text39                              9F0      9F0       12         0
                text38                              9B8      9B8        8         0
                text37                              9C0      9C0        8         0
                text36                              9D8      9D8        C         0
                text35                              C16      C16       40         0
                text34                             203A     203A      460         0
                text33                              F2E      F2E       9A         0
                text32                              A02      A02       12         0
                text31                              9B2      9B2        6         0
                text30                              9C8      9C8        8         0
                text29                              9E4      9E4        C         0
                text28                              9D0      9D0        8         0
                text27                              AF2      AF2       2A         0
                text26                              EA8      EA8       86         0
                text25                             14E4     14E4      10C         0
                text24                             11EE     11EE       EC         0
                text23                             112A     112A       C4         0
                text22                              C56      C56       46         0
                text21                             1078     1078       B2         0
                text20                             15F0     15F0      130         0
                text19                             1720     1720      164         0
                text18                              A38      A38       16         0
                text17                              B70      B70       36         0
                text16                              B1C      B1C       2A         0
                text15                             12DA     12DA      102         0
                text14                              AD2      AD2       20         0
                text13                              BA6      BA6       36         0
                text12                              A96      A96       1E         0
                text11                              B46      B46       2A         0
                text10                              A4E      A4E       16         0
                text9                               A14      A14       12         0
                text8                               A26      A26       12         0
                text7                               A7C      A7C       1A         0
                text6                              1BFC     1BFC      43E         0
                text5                               FC8      FC8       B0         0
                text4                              249A     249A      4BA         0
                text3                               C9C      C9C       5C         0
                text2                              2954     2954      554         0
                text1                              19F0     19F0      20C         0
                text0                              1884     1884      16C         0
                cinit                               CF8      CF8       62         0
                idataBANK0                          AB4      AB4       1E         0
                idataCOMRAM                         9AE      9AE        4         0

        CLASS   CONST          

        CLASS   SMALLCONST     

        CLASS   MEDIUMCONST    
                mediumconst                        2EA8     2EA8      158         0

        CLASS   COMRAM         
                cstackCOMRAM                          1        1       3C         1
                dataCOMRAM                           5B       5B        4         1
                bssCOMRAM                            3D       3D       1E         1

        CLASS   ABS1           

        CLASS   BIGRAM         

        CLASS   RAM            

        CLASS   BANK0          
                dataBANK0                            60       60       1E         1
                bssBANK0                             7E       7E       1B         1

        CLASS   BANK1          

        CLASS   BANK2          

        CLASS   BANK3          

        CLASS   BANK4          

        CLASS   BANK5          

        CLASS   SFR            

        CLASS   BIGSFR         

        CLASS   CONFIG         
                config                           300000   300000        E         4

        CLASS   IDLOC          
                idloc                            200000   200000        8         5

        CLASS   EEDATA         

        CLASS   FARRAM         

        CLASS   HEAP           

        CLASS   STACK          



SEGMENTS        Name                           Load    Length   Top    Selector   Space  Class

                reset_vec                      000000  000004  000004         0       0  CODE    
                cstackCOMRAM                   000001  00005E  00005F         1       1  COMRAM  
                dataBANK0                      000060  000039  000099        60       1  BANK0   
                idataCOMRAM                    0009AE  000004  0009B2       9AE       0  CODE    
                text31                         0009B2  000006  0009B8       4D9       0  CODE    
                text38                         0009B8  000008  0009C0       4DC       0  CODE    
                text37                         0009C0  000008  0009C8       4E0       0  CODE    
                text30                         0009C8  000008  0009D0       4E4       0  CODE    
                text28                         0009D0  000008  0009D8       4E8       0  CODE    
                text36                         0009D8  00000C  0009E4       4EC       0  CODE    
                text29                         0009E4  00000C  0009F0       4F2       0  CODE    
                text39                         0009F0  000012  000A02       4F8       0  CODE    
                text32                         000A02  000012  000A14       501       0  CODE    
                text9                          000A14  000012  000A26       50A       0  CODE    
                text8                          000A26  000012  000A38       513       0  CODE    
                text18                         000A38  000016  000A4E       51C       0  CODE    
                text10                         000A4E  000016  000A64       527       0  CODE    
                text43                         000A64  000018  000A7C       532       0  CODE    
                text7                          000A7C  00001A  000A96       53E       0  CODE    
                text12                         000A96  00001E  000AB4       54B       0  CODE    
                idataBANK0                     000AB4  00001E  000AD2       AB4       0  CODE    
                text14                         000AD2  000020  000AF2       569       0  CODE    
                text27                         000AF2  00002A  000B1C       579       0  CODE    
                text16                         000B1C  00002A  000B46       58E       0  CODE    
                text11                         000B46  00002A  000B70       5A3       0  CODE    
                text17                         000B70  000036  000BA6       5B8       0  CODE    
                text13                         000BA6  000036  000BDC       5D3       0  CODE    
                text45                         000BDC  00003A  000C16       5EE       0  CODE    
                text35                         000C16  000040  000C56       60B       0  CODE    
                text22                         000C56  000046  000C9C       62B       0  CODE    
                text3                          000C9C  00005C  000CF8       64E       0  CODE    
                cinit                          000CF8  000062  000D5A       67C       0  CODE    
                text44                         000D5A  00006C  000DC6       6AD       0  CODE    
                text40                         000DC6  00006C  000E32       6E3       0  CODE    
                text41                         000E32  000076  000EA8       719       0  CODE    
                text26                         000EA8  000086  000F2E       754       0  CODE    
                text33                         000F2E  00009A  000FC8       797       0  CODE    
                text5                          000FC8  0000B0  001078       7E4       0  CODE    
                text21                         001078  0000B2  00112A       83C       0  CODE    
                text23                         00112A  0000C4  0011EE       895       0  CODE    
                text24                         0011EE  0000EC  0012DA       8F7       0  CODE    
                text15                         0012DA  000102  0013DC       96D       0  CODE    
                text42                         0013DC  000108  0014E4       9EE       0  CODE    
                text25                         0014E4  00010C  0015F0       A72       0  CODE    
                text20                         0015F0  000130  001720       AF8       0  CODE    
                text19                         001720  000164  001884       B90       0  CODE    
                text0                          001884  00016C  0019F0       C42       0  CODE    
                text1                          0019F0  00020C  001BFC       CF8       0  CODE    
                text6                          001BFC  00043E  00203A       DFE       0  CODE    
                text34                         00203A  000460  00249A      101D       0  CODE    
                text4                          00249A  0004BA  002954      124D       0  CODE    
                text2                          002954  000554  002EA8      14AA       0  CODE    
                mediumconst                    002EA8  000158  003000      1754       0  MEDIUMCO


UNUSED ADDRESS RANGES

        Name                Unused          Largest block    Delta
        BANK0            000099-0000FF               67
        BANK1            000100-0001FF              100
        BANK2            000200-0002FF              100
        BANK3            000300-0003FF              100
        BANK4            000400-0004FF              100
        BANK5            000500-0005FF              100
        BIGRAM           00005F-00005F                1
                         000099-0005FF              567
        BIGSFR           000D00-000FFF              300
        CODE             000004-0009AD              9AA
                         003000-003000                1
        COMRAM           00005F-00005F                1
        CONST            000004-0009AD              9AA
                         003000-003000                1
        EEDATA           F00000-F000FF              100
        MEDIUMCONST      000600-0009AD              3AE
                         003000-003000                1
        RAM              000099-0005FF              100
        SFR              000D00-000FFF              100
        SMALLCONST       000600-0009AD              100
                         003000-003000                1

                                  Symbol Table

?___aldiv                     cstackCOMRAM 000001
?___almod                     cstackCOMRAM 00000F
?___awdiv                     cstackCOMRAM 000001
?___awmod                     cstackCOMRAM 000009
?_read_adc                    cstackCOMRAM 000001
?_strcmp                      cstackCOMRAM 000001
_ACKDT                        (abs)        007E2D
_ACKEN                        (abs)        007E2C
_ACKSTAT                      (abs)        007E2E
_ACQT0                        (abs)        007E03
_ACQT1                        (abs)        007E04
_ACQT2                        (abs)        007E05
_ADCON0                       (abs)        000FC2
_ADCON1                       (abs)        000FC1
_ADCS0                        (abs)        007E00
_ADCS1                        (abs)        007E01
_ADCS2                        (abs)        007E02
_ADFM                         (abs)        007E07
_ADON                         (abs)        007E10
_ADRESH                       (abs)        000FC4
_ADRESL                       (abs)        000FC3
_BCLIF                        (abs)        007D0B
_BRGH                         (abs)        007D62
_CKE                          (abs)        007E3E
_CREN                         (abs)        007D5C
_GO                           (abs)        007E11
_GODONE                       (abs)        007E11
_PEN                          (abs)        007E2A
_PORTB                        (abs)        000F81
_PORTBbits                    (abs)        000F81
_PORTD                        (abs)        000F83
_RBPU                         (abs)        007F8F
_RC0                          (abs)        007C10
_RC1                          (abs)        007C11
_RC2                          (abs)        007C12
_RCEN                         (abs)        007E2B
_RCIE                         (abs)        007CED
_RCIF                         (abs)        007CF5
_RCREG                        (abs)        000FAE
_RD7                          (abs)        007C1F
_RSEN                         (abs)        007E29
_SEN                          (abs)        007E28
_SMP                          (abs)        007E3F
_SPBRG                        (abs)        000FAF
_SPEN                         (abs)        007D5F
_SSPADD                       (abs)        000FC8
_SSPBUF                       (abs)        000FC9
_SSPCON1                      (abs)        000FC6
_SSPIF                        (abs)        007CF3
_TRISB                        (abs)        000F93
_TRISC                        (abs)        000F94
_TRISC3                       (abs)        007CA3
_TRISC4                       (abs)        007CA4
_TRISC6                       (abs)        007CA6
_TRISC7                       (abs)        007CA7
_TRISD                        (abs)        000F95
_TRISD7                       (abs)        007CAF
_TXIF                         (abs)        007CF4
_TXREG                        (abs)        000FAD
_VCFG0                        (abs)        007E0C
_VCFG1                        (abs)        007E0D
__HRAM                        (abs)        000000
__H__absolute__               __absolute__ 000000
__Habs1                       abs1         000000
__Hbank0                      bank0        000000
__Hbank1                      bank1        000000
__Hbank2                      bank2        000000
__Hbank3                      bank3        000000
__Hbank4                      bank4        000000
__Hbank5                      bank5        000000
__Hbigbss                     bigbss       000000
__Hbigdata                    bigdata      000000
__Hbigram                     bigram       000000
__Hbigsfr                     bigsfr       000000
__Hbss                        bss          000000
__HbssBANK0                   bssBANK0     000000
__HbssCOMRAM                  bssCOMRAM    000000
__Hcinit                      cinit        000000
__Hclrtext                    clrtext      000000
__Hcomram                     comram       000000
__Hconfig                     config       30000E
__Hconst                      const        000000
__HcstackCOMRAM               cstackCOMRAM 000000
__Hdata                       data         000000
__HdataBANK0                  dataBANK0    000000
__HdataCOMRAM                 dataCOMRAM   000000
__Heeprom_data                eeprom_data  000000
__Hfarbss                     farbss       000000
__Hfardata                    fardata      000000
__Hheap                       heap         000000
__Hibigdata                   ibigdata     000000
__Hidata                      idata        000000
__HidataBANK0                 idataBANK0   000000
__HidataCOMRAM                idataCOMRAM  000000
__Hidloc                      idloc        200008
__Hifardata                   ifardata     000000
__Hinit                       init         000004
__Hintcode                    intcode      000000
__Hintcode_body               intcode_body 000000
__Hintcodelo                  intcodelo    000000
__Hintentry                   intentry     000000
__Hintret                     intret       000000
__Hintsave_regs               intsave_regs 000000
__Hirdata                     irdata       000000
__Hmediumconst                mediumconst  003000
__HnvFARRAM                   nvFARRAM     000000
__Hnvbit                      nvbit        000000
__Hnvrram                     nvrram       000000
__Hparam                      rparam       000000
__Hpowerup                    powerup      000000
__Hram                        ram          000000
__Hramtop                     ramtop       000600
__Hrbit                       rbit         000000
__Hrbss                       rbss         000000
__Hrdata                      rdata        000000
__Hreset_vec                  reset_vec    000000
__Hrparam                     rparam       000000
__Hsfr                        sfr          000000
__Hsmallconst                 smallconst   000000
__Hspace_0                    (abs)        003000
__Hspace_1                    (abs)        000099
__Hspace_2                    (abs)        000000
__Hspace_4                    (abs)        60000E
__Hstack                      stack        000000
__Hstruct                     struct       000000
__Htemp                       temp         000000
__Htext                       text         000000
__Htext0                      text0        000000
__Htext1                      text1        000000
__Htext10                     text10       000000
__Htext11                     text11       000000
__Htext12                     text12       000000
__Htext13                     text13       000000
__Htext14                     text14       000000
__Htext15                     text15       000000
__Htext16                     text16       000000
__Htext17                     text17       000000
__Htext18                     text18       000000
__Htext19                     text19       000000
__Htext2                      text2        000000
__Htext20                     text20       000000
__Htext21                     text21       000000
__Htext22                     text22       000000
__Htext23                     text23       000000
__Htext24                     text24       000000
__Htext25                     text25       000000
__Htext26                     text26       000000
__Htext27                     text27       000000
__Htext28                     text28       000000
__Htext29                     text29       000000
__Htext3                      text3        000000
__Htext30                     text30       000000
__Htext31                     text31       000000
__Htext32                     text32       000000
__Htext33                     text33       000000
__Htext34                     text34       000000
__Htext35                     text35       000000
__Htext36                     text36       000000
__Htext37                     text37       000000
__Htext38                     text38       000000
__Htext39                     text39       000000
__Htext4                      text4        000000
__Htext40                     text40       000000
__Htext41                     text41       000000
__Htext42                     text42       000000
__Htext43                     text43       000000
__Htext44                     text44       000000
__Htext45                     text45       000000
__Htext5                      text5        000000
__Htext6                      text6        000000
__Htext7                      text7        000000
__Htext8                      text8        000000
__Htext9                      text9        000000
__LRAM                        (abs)        000001
__L__absolute__               __absolute__ 000000
__Labs1                       abs1         000000
__Lbank0                      bank0        000000
__Lbank1                      bank1        000000
__Lbank2                      bank2        000000
__Lbank3                      bank3        000000
__Lbank4                      bank4        000000
__Lbank5                      bank5        000000
__Lbigbss                     bigbss       000000
__Lbigdata                    bigdata      000000
__Lbigram                     bigram       000000
__Lbigsfr                     bigsfr       000000
__Lbss                        bss          000000
__LbssBANK0                   bssBANK0     000000
__LbssCOMRAM                  bssCOMRAM    000000
__Lcinit                      cinit        000000
__Lclrtext                    clrtext      000000
__Lcomram                     comram       000000
__Lconfig                     config       000000
__Lconst                      const        000000
__LcstackCOMRAM               cstackCOMRAM 000000
__Ldata                       data         000000
__LdataBANK0                  dataBANK0    000000
__LdataCOMRAM                 dataCOMRAM   000000
__Leeprom_data                eeprom_data  000000
__Lfarbss                     farbss       000000
__Lfardata                    fardata      000000
__Lheap                       heap         000000
__Libigdata                   ibigdata     000000
__Lidata                      idata        000000
__LidataBANK0                 idataBANK0   000000
__LidataCOMRAM                idataCOMRAM  000000
__Lidloc                      idloc        000000
__Lifardata                   ifardata     000000
__Linit                       init         000000
__Lintcode                    intcode      000000
__Lintcode_body               intcode_body 000000
__Lintcodelo                  intcodelo    000000
__Lintentry                   intentry     000000
__Lintret                     intret       000000
__Lintsave_regs               intsave_regs 000000
__Lirdata                     irdata       000000
__Lmediumconst                mediumconst  002EA8
__LnvFARRAM                   nvFARRAM     000000
__Lnvbit                      nvbit        000000
__Lnvrram                     nvrram       000000
__Lparam                      rparam       000000
__Lpowerup                    powerup      000000
__Lram                        ram          000000
__Lramtop                     ramtop       000600
__Lrbit                       rbit         000000
__Lrbss                       rbss         000000
__Lrdata                      rdata        000000
__Lreset_vec                  reset_vec    000000
__Lrparam                     rparam       000000
__Lsfr                        sfr          000000
__Lsmallconst                 smallconst   000000
__Lspace_0                    (abs)        000000
__Lspace_1                    (abs)        000000
__Lspace_2                    (abs)        000000
__Lspace_4                    (abs)        000000
__Lstack                      stack        000000
__Lstruct                     struct       000000
__Ltemp                       temp         000000
__Ltext                       text         000000
__Ltext0                      text0        000000
__Ltext1                      text1        000000
__Ltext10                     text10       000000
__Ltext11                     text11       000000
__Ltext12                     text12       000000
__Ltext13                     text13       000000
__Ltext14                     text14       000000
__Ltext15                     text15       000000
__Ltext16                     text16       000000
__Ltext17                     text17       000000
__Ltext18                     text18       000000
__Ltext19                     text19       000000
__Ltext2                      text2        000000
__Ltext20                     text20       000000
__Ltext21                     text21       000000
__Ltext22                     text22       000000
__Ltext23                     text23       000000
__Ltext24                     text24       000000
__Ltext25                     text25       000000
__Ltext26                     text26       000000
__Ltext27                     text27       000000
__Ltext28                     text28       000000
__Ltext29                     text29       000000
__Ltext3                      text3        000000
__Ltext30                     text30       000000
__Ltext31                     text31       000000
__Ltext32                     text32       000000
__Ltext33                     text33       000000
__Ltext34                     text34       000000
__Ltext35                     text35       000000
__Ltext36                     text36       000000
__Ltext37                     text37       000000
__Ltext38                     text38       000000
__Ltext39                     text39       000000
__Ltext4                      text4        000000
__Ltext40                     text40       000000
__Ltext41                     text41       000000
__Ltext42                     text42       000000
__Ltext43                     text43       000000
__Ltext44                     text44       000000
__Ltext45                     text45       000000
__Ltext5                      text5        000000
__Ltext6                      text6        000000
__Ltext7                      text7        000000
__Ltext8                      text8        000000
__Ltext9                      text9        000000
__S0                          (abs)        003000
__S1                          (abs)        000099
__S4                          (abs)        000000
__S5                          (abs)        000000
___aldiv                      text25       0014E4
___aldiv@counter              cstackCOMRAM 000009
___aldiv@dividend             cstackCOMRAM 000001
___aldiv@divisor              cstackCOMRAM 000005
___aldiv@quotient             cstackCOMRAM 00000B
___aldiv@sign                 cstackCOMRAM 00000A
___almod                      text24       0011EE
___almod@counter              cstackCOMRAM 000017
___almod@dividend             cstackCOMRAM 00000F
___almod@divisor              cstackCOMRAM 000013
___almod@sign                 cstackCOMRAM 000018
___awdiv                      text23       00112A
___awdiv@counter              cstackCOMRAM 000005
___awdiv@dividend             cstackCOMRAM 000001
___awdiv@divisor              cstackCOMRAM 000003
___awdiv@quotient             cstackCOMRAM 000007
___awdiv@sign                 cstackCOMRAM 000006
___awmod                      text5        000FC8
___awmod@counter              cstackCOMRAM 00000D
___awmod@dividend             cstackCOMRAM 000009
___awmod@divisor              cstackCOMRAM 00000B
___awmod@sign                 cstackCOMRAM 00000E
___heap_hi                    (abs)        000000
___heap_lo                    (abs)        000000
___inthi_sp                   stack        000000
___intlo_sp                   stack        000000
___param_bank                 (abs)        000000
___rparam_used                (abs)        000001
___sp                         stack        000000
__accesstop                   (abs)        000060
__activetblptr                (abs)        000002
__end_of___aldiv              text25       0015F0
__end_of___almod              text24       0012DA
__end_of___awdiv              text23       0011EE
__end_of___awmod              text5        001078
__end_of__initialization      cinit        000D50
__end_of_change_pass          text34       00249A
__end_of_clcd_print           text44       000DC6
__end_of_clcd_putch           text43       000A7C
__end_of_clcd_write           text45       000C16
__end_of_clear_log            text33       000FC8
__end_of_dashboard            text19       001884
__end_of_display_time         text32       000A14
__end_of_download_log         text15       0013DC
__end_of_get_time             text26       000F2E
__end_of_i2c_idle             text39       000A02
__end_of_i2c_no_ack           text31       0009B8
__end_of_i2c_read             text29       0009F0
__end_of_i2c_rep_start        text28       0009D8
__end_of_i2c_rx_mode          text30       0009D0
__end_of_i2c_start            text38       0009C0
__end_of_i2c_stop             text37       0009C8
__end_of_i2c_write            text36       0009E4
__end_of_init_adc             text14       000AF2
__end_of_init_clcd            text13       000BDC
__end_of_init_ds1307          text11       000B70
__end_of_init_i2c             text10       000A64
__end_of_init_matrix_keypad   text9        000A26
__end_of_init_uart            text8        000A38
__end_of_inti_config          text7        000A96
__end_of_main                 text0        0019F0
__end_of_menu                 text6        00203A
__end_of_putch                text18       000A4E
__end_of_puts                 text17       000BA6
__end_of_read_adc             text22       000C9C
__end_of_read_ds1307          text27       000B1C
__end_of_read_ext_eeprom      text16       000B46
__end_of_read_switches        text41       000EA8
__end_of_save_time_to_RTC     text3        000CF8
__end_of_scan_key             text42       0014E4
__end_of_setpassword          text4        002954
__end_of_settime              text2        002EA8
__end_of_speed                text21       00112A
__end_of_store_event          text20       001720
__end_of_strcmp               text40       000E32
__end_of_view_log             text1        001BFC
__end_of_write_ds1307         text12       000AB4
__end_of_write_ext_eeprom     text35       000C56
__initialization              cinit        000CF8
__mediumconst                 mediumconst  002EA8
__pbssBANK0                   bssBANK0     00007E
__pbssCOMRAM                  bssCOMRAM    00003D
__pcinit                      cinit        000CF8
__pcstackCOMRAM               cstackCOMRAM 000001
__pdataBANK0                  dataBANK0    000060
__pdataCOMRAM                 dataCOMRAM   00005B
__pidataBANK0                 idataBANK0   000AB4
__pidataCOMRAM                idataCOMRAM  0009AE
__pmediumconst                mediumconst  002EA8
__ptext0                      text0        001884
__ptext1                      text1        0019F0
__ptext10                     text10       000A4E
__ptext11                     text11       000B46
__ptext12                     text12       000A96
__ptext13                     text13       000BA6
__ptext14                     text14       000AD2
__ptext15                     text15       0012DA
__ptext16                     text16       000B1C
__ptext17                     text17       000B70
__ptext18                     text18       000A38
__ptext19                     text19       001720
__ptext2                      text2        002954
__ptext20                     text20       0015F0
__ptext21                     text21       001078
__ptext22                     text22       000C56
__ptext23                     text23       00112A
__ptext24                     text24       0011EE
__ptext25                     text25       0014E4
__ptext26                     text26       000EA8
__ptext27                     text27       000AF2
__ptext28                     text28       0009D0
__ptext29                     text29       0009E4
__ptext3                      text3        000C9C
__ptext30                     text30       0009C8
__ptext31                     text31       0009B2
__ptext32                     text32       000A02
__ptext33                     text33       000F2E
__ptext34                     text34       00203A
__ptext35                     text35       000C16
__ptext36                     text36       0009D8
__ptext37                     text37       0009C0
__ptext38                     text38       0009B8
__ptext39                     text39       0009F0
__ptext4                      text4        00249A
__ptext40                     text40       000DC6
__ptext41                     text41       000E32
__ptext42                     text42       0013DC
__ptext43                     text43       000A64
__ptext44                     text44       000D5A
__ptext45                     text45       000BDC
__ptext5                      text5        000FC8
__ptext6                      text6        001BFC
__ptext7                      text7        000A7C
__ptext8                      text8        000A26
__ptext9                      text9        000A14
__ramtop                      ramtop       000600
__smallconst                  smallconst   000000
_adc_v                        bssCOMRAM    00003D
_arr                          bssBANK0     000089
_arr1                         bssBANK0     00007E
_axis                         dataCOMRAM   00005C
_change_pass                  text34       00203A
_clcd_print                   text44       000D5A
_clcd_putch                   text43       000A64
_clcd_write                   text45       000BDC
_clear_f                      bssCOMRAM    00004C
_clear_log                    text33       000F2E
_clock_reg                    bssBANK0     000093
_count                        dataCOMRAM   00005B
_dashboard                    text19       001720
_display_time                 text32       000A02
_download_log                 text15       0012DA
_field_flag                   bssCOMRAM    000047
_flick                        bssCOMRAM    000041
_gear                         dataBANK0    000060
_get_time                     text26       000EA8
_h1                           bssCOMRAM    00004E
_i                            bssCOMRAM    000049
_i2c_idle                     text39       0009F0
_i2c_no_ack                   text31       0009B2
_i2c_read                     text29       0009E4
_i2c_rep_start                text28       0009D0
_i2c_rx_mode                  text30       0009C8
_i2c_start                    text38       0009B8
_i2c_stop                     text37       0009C0
_i2c_write                    text36       0009D8
_init_adc                     text14       000AD2
_init_clcd                    text13       000BA6
_init_ds1307                  text11       000B46
_init_i2c                     text10       000A4E
_init_matrix_keypad           text9        000A14
_init_uart                    text8        000A26
_inti_config                  text7        000A7C
_key                          bssCOMRAM    00004F
_lap                          dataCOMRAM   00005D
_long_press_S5                bssCOMRAM    000045
_long_press_S6                bssCOMRAM    000043
_m1                           bssCOMRAM    00004D
_main                         text0        001884
_main_f                       bssCOMRAM    000051
_menu                         text6        001BFC
_menu_f                       bssCOMRAM    000050
_original                     dataBANK0    000078
_putch                        text18       000A38
_puts                         text17       000B70
_read_adc                     text22       000C56
_read_ds1307                  text27       000AF2
_read_ext_eeprom              text16       000B1C
_read_switches                text41       000E32
_s1                           bssBANK0     000098
_save_time_to_RTC             text3        000C9C
_scan_key                     text42       0013DC
_setpassword                  text4        00249A
_settime                      text2        002954
_speed                        text21       001078
_store_event                  text20       0015F0
_strcmp                       text40       000DC6
_time                         bssCOMRAM    000052
_value                        bssBANK0     000096
_view_log                     text1        0019F0
_vmenu                        dataBANK0    00006E
_write_ds1307                 text12       000A96
_write_ext_eeprom             text35       000C16
change_pass@confirm_password  cstackCOMRAM 000015
change_pass@i                 cstackCOMRAM 000030
change_pass@k                 cstackCOMRAM 00001A
change_pass@k_176             cstackCOMRAM 00001E
change_pass@key               cstackCOMRAM 00002B
change_pass@new_password      cstackCOMRAM 000022
change_pass@p                 cstackCOMRAM 000029
change_pass@pwd_flag          cstackCOMRAM 000027
change_pass@wait              cstackCOMRAM 00002C
clcd_print@addr               cstackCOMRAM 000005
clcd_print@data               cstackCOMRAM 000003
clcd_putch@addr               cstackCOMRAM 00000F
clcd_putch@data               cstackCOMRAM 000010
clcd_write@byte               cstackCOMRAM 000002
clcd_write@control_bit        cstackCOMRAM 000001
clear_log@key                 cstackCOMRAM 000006
clear_log@long_press_detected cstackCOMRAM 000009
clear_log@t                   cstackCOMRAM 000007
dashboard@key                 cstackCOMRAM 00001C
download_log@index            dataBANK0    00007D
download_log@j                cstackCOMRAM 000004
download_log@k                cstackCOMRAM 000006
end_of_initialization         cinit        000D50
i2c_write@data                cstackCOMRAM 000001
init_ds1307@dummy             cstackCOMRAM 000004
intlevel0                     text         000000
intlevel1                     text         000000
intlevel2                     text         000000
intlevel3                     text         000000
isa$std                       (abs)        000001
isa$xinst                     (abs)        000000
main@i                        cstackCOMRAM 00003B
menu@blink                    cstackCOMRAM 000012
menu@delay                    cstackCOMRAM 000014
menu@i                        cstackCOMRAM 000019
menu@key                      cstackCOMRAM 000016
menu@prev_key                 cstackCOMRAM 000011
menu@s                        cstackCOMRAM 000017
putch@byte                    cstackCOMRAM 000001
puts@s                        cstackCOMRAM 000002
read_adc@channel              cstackCOMRAM 000007
read_adc@reg_val              cstackCOMRAM 000005
read_ds1307@address           cstackCOMRAM 000002
read_ds1307@data              cstackCOMRAM 000003
read_ext_eeprom@address       cstackCOMRAM 000002
read_ext_eeprom@data          cstackCOMRAM 000003
read_switches@detection_type  cstackCOMRAM 000001
read_switches@key             bssCOMRAM    00004B
read_switches@once            dataCOMRAM   00005E
save_time_to_RTC@temp         cstackCOMRAM 000004
setpassword@attempt           cstackCOMRAM 00002F
setpassword@count             cstackCOMRAM 00001A
setpassword@delay             cstackCOMRAM 000026
setpassword@i                 cstackCOMRAM 000039
setpassword@i_523             cstackCOMRAM 000022
setpassword@i_528             cstackCOMRAM 00002A
setpassword@j                 cstackCOMRAM 000037
setpassword@k                 cstackCOMRAM 00001E
setpassword@key               cstackCOMRAM 00002E
setpassword@sec               cstackCOMRAM 000035
setpassword@trail             cstackCOMRAM 000015
setpassword@wait              cstackCOMRAM 000031
settime@hour                  cstackCOMRAM 000021
settime@key                   cstackCOMRAM 000020
settime@minute                cstackCOMRAM 000023
settime@second                cstackCOMRAM 000025
settime@wait                  cstackCOMRAM 00001E
speed@r                       cstackCOMRAM 000019
stackhi                       (abs)        000000
stacklo                       (abs)        000000
start                         init         000000
start_initialization          cinit        000CF8
store_event@i                 cstackCOMRAM 00001B
strcmp@l                      cstackCOMRAM 000001
strcmp@r                      cstackCOMRAM 000003
view_log@delay                cstackCOMRAM 00001E
view_log@k                    cstackCOMRAM 000020
view_log@key                  cstackCOMRAM 000022
view_log@prev_key             cstackCOMRAM 00001D
view_log@readdata             cstackCOMRAM 000013
view_log@s                    cstackCOMRAM 000011
write_ds1307@address          cstackCOMRAM 000003
write_ds1307@data             cstackCOMRAM 000002
write_ext_eeprom@address      cstackCOMRAM 000005
write_ext_eeprom@data         cstackCOMRAM 000002
write_ext_eeprom@i            cstackCOMRAM 000003


MODULE INFORMATION

Module		Function		Class		Link	Load	Size
C:\Program Files\Microchip\xc8\v2.41\pic\sources\c99\common\awmod.c
		___awmod       		CODE           	0FC8	0000	176

C:\Program Files\Microchip\xc8\v2.41\pic\sources\c99\common\awmod.c estimated size: 176

change_pwd.c
		_change_pass   		CODE           	203A	0000	1120

change_pwd.c estimated size: 1120

C:\Program Files\Microchip\xc8\v2.41\pic\sources\c99\common\almod.c
		___almod       		CODE           	11EE	0000	236

C:\Program Files\Microchip\xc8\v2.41\pic\sources\c99\common\almod.c estimated size: 236

setpassword.c
		_setpassword   		CODE           	249A	0000	1210

setpassword.c estimated size: 1210

keypad.c
		_init_matrix_keypad		CODE           	0A14	0000	18
		_read_switches 		CODE           	0E32	0000	118
		_scan_key      		CODE           	13DC	0000	264

keypad.c estimated size: 400

uart.c
		_putch         		CODE           	0A38	0000	22
		_init_uart     		CODE           	0A26	0000	18
		_puts          		CODE           	0B70	0000	54

uart.c estimated size: 94

save_time.c
		_save_time_to_RTC		CODE           	0C9C	0000	92

save_time.c estimated size: 92

C:\Program Files\Microchip\xc8\v2.41\pic\sources\c99\common\strcmp.c
		_strcmp        		CODE           	0DC6	0000	108

C:\Program Files\Microchip\xc8\v2.41\pic\sources\c99\common\strcmp.c estimated size: 108

i2c.c
		_i2c_start     		CODE           	09B8	0000	8
		_i2c_no_ack    		CODE           	09B2	0000	6
		_i2c_rep_start 		CODE           	09D0	0000	8
		_i2c_idle      		CODE           	09F0	0000	18
		_i2c_write     		CODE           	09D8	0000	12
		_i2c_stop      		CODE           	09C0	0000	8
		_i2c_read      		CODE           	09E4	0000	12
		_init_i2c      		CODE           	0A4E	0000	22
		_i2c_rx_mode   		CODE           	09C8	0000	8

i2c.c estimated size: 102

C:\Program Files\Microchip\xc8\v2.41\pic\sources\c99\common\awdiv.c
		___awdiv       		CODE           	112A	0000	196

C:\Program Files\Microchip\xc8\v2.41\pic\sources\c99\common\awdiv.c estimated size: 196

dashboard.c
		_display_time  		CODE           	0A02	0000	18
		_get_time      		CODE           	0EA8	0000	134
		_dashboard     		CODE           	1720	0000	356
		_speed         		CODE           	1078	0000	178
		_store_event   		CODE           	15F0	0000	304

dashboard.c estimated size: 990

C:\Program Files\Microchip\xc8\v2.41\pic\sources\c99\common\aldiv.c
		___aldiv       		CODE           	14E4	0000	268

C:\Program Files\Microchip\xc8\v2.41\pic\sources\c99\common\aldiv.c estimated size: 268

ds1307.c
		_read_ds1307   		CODE           	0AF2	0000	42
		_write_ds1307  		CODE           	0A96	0000	30
		_init_ds1307   		CODE           	0B46	0000	42

ds1307.c estimated size: 114

adc.c
		_init_adc      		CODE           	0AD2	0000	32
		_read_adc      		CODE           	0C56	0000	70

adc.c estimated size: 102

clear_log.c
		_clear_log     		CODE           	0F2E	0000	154

clear_log.c estimated size: 154

shared
		__initialization		CODE           	0CF8	0000	88

shared estimated size: 88

clcd.c
		_clcd_write    		CODE           	0BDC	0000	58
		_clcd_print    		CODE           	0D5A	0000	108
		_clcd_putch    		CODE           	0A64	0000	24
		_init_clcd     		CODE           	0BA6	0000	54

clcd.c estimated size: 244

download.c
		_download_log  		CODE           	12DA	0000	258

download.c estimated size: 258

menu.c
		_menu          		CODE           	1BFC	0000	1086

menu.c estimated size: 1086

set_time.c
		_settime       		CODE           	2954	0000	1364

set_time.c estimated size: 1364

ext_eeprom.c
		_write_ext_eeprom		CODE           	0C16	0000	64
		_read_ext_eeprom		CODE           	0B1C	0000	42

ext_eeprom.c estimated size: 106

main.c
		_main          		CODE           	1884	0000	364
		_inti_config   		CODE           	0A7C	0000	26

main.c estimated size: 390

view_log.c
		_view_log      		CODE           	19F0	0000	524

view_log.c estimated size: 524

